Found 1 repositories
Max commits per repo: all
Memory limit: 10.0 GiB
Output: /Volumes/external/sources/cppmega.mlx/outputs/conveyor/extract_cache/kodi/kodi_commits.jsonl

[1/1] _src...
  [xbmc/xbmc] Mined 17,121 PR merge commits
  [xbmc/xbmc] 70,387 commits available
  [xbmc/xbmc] Processed 1,000/51,951 commits, 943 records
  [xbmc/xbmc] Processed 2,000/51,951 commits, 1,900 records
  [xbmc/xbmc] Processed 3,000/51,951 commits, 3,046 records
  [xbmc/xbmc] Processed 4,000/51,951 commits, 4,066 records
  [xbmc/xbmc] Processed 5,000/51,951 commits, 5,152 records
  [xbmc/xbmc] Processed 6,000/51,951 commits, 6,191 records
  [xbmc/xbmc] Processed 7,000/51,951 commits, 7,301 records
  [xbmc/xbmc] Processed 8,000/51,951 commits, 8,260 records
  [xbmc/xbmc] Processed 9,000/51,951 commits, 9,384 records
  [xbmc/xbmc] Processed 10,000/51,951 commits, 10,521 records
  [xbmc/xbmc] Processed 11,000/51,951 commits, 11,680 records
  [xbmc/xbmc] Processed 12,000/51,951 commits, 12,664 records
  [xbmc/xbmc] Processed 13,000/51,951 commits, 13,807 records
  [xbmc/xbmc] Processed 14,000/51,951 commits, 15,111 records
  [xbmc/xbmc] Processed 15,000/51,951 commits, 16,317 records
  [xbmc/xbmc] Processed 16,000/51,951 commits, 17,441 records
  [xbmc/xbmc] Processed 17,000/51,951 commits, 18,724 records
  [xbmc/xbmc] Processed 18,000/51,951 commits, 19,929 records
  [xbmc/xbmc] Processed 19,000/51,951 commits, 21,016 records
  [xbmc/xbmc] Processed 20,000/51,951 commits, 21,993 records
  [xbmc/xbmc] Processed 21,000/51,951 commits, 23,084 records
  [xbmc/xbmc] Processed 22,000/51,951 commits, 24,125 records
  [xbmc/xbmc] Processed 23,000/51,951 commits, 25,310 records
  [xbmc/xbmc] Processed 24,000/51,951 commits, 26,459 records
  [xbmc/xbmc] Processed 25,000/51,951 commits, 27,509 records
  [xbmc/xbmc] Processed 26,000/51,951 commits, 28,570 records
  [xbmc/xbmc] Processed 27,000/51,951 commits, 29,467 records
  [xbmc/xbmc] Processed 28,000/51,951 commits, 30,589 records
  [xbmc/xbmc] Processed 29,000/51,951 commits, 31,813 records
  [xbmc/xbmc] Processed 30,000/51,951 commits, 32,929 records
  [xbmc/xbmc] Processed 31,000/51,951 commits, 34,080 records
  [xbmc/xbmc] Processed 32,000/51,951 commits, 35,281 records
  [xbmc/xbmc] Processed 33,000/51,951 commits, 36,437 records
  [xbmc/xbmc] Processed 34,000/51,951 commits, 37,571 records
  [xbmc/xbmc] Processed 35,000/51,951 commits, 38,787 records
  [xbmc/xbmc] Processed 36,000/51,951 commits, 39,999 records
  [xbmc/xbmc] Processed 37,000/51,951 commits, 41,045 records
  [xbmc/xbmc] Processed 38,000/51,951 commits, 42,246 records
  [xbmc/xbmc] Processed 39,000/51,951 commits, 43,389 records
  [xbmc/xbmc] Processed 40,000/51,951 commits, 44,370 records
  [xbmc/xbmc] Processed 41,000/51,951 commits, 45,539 records
  [xbmc/xbmc] Processed 42,000/51,951 commits, 46,657 records
  [xbmc/xbmc] Processed 43,000/51,951 commits, 47,548 records
  [xbmc/xbmc] Processed 44,000/51,951 commits, 48,712 records
  [xbmc/xbmc] Processed 45,000/51,951 commits, 49,703 records
  [xbmc/xbmc] Processed 46,000/51,951 commits, 50,739 records
  [xbmc/xbmc] Processed 47,000/51,951 commits, 51,826 records
  [xbmc/xbmc] Processed 48,000/51,951 commits, 52,790 records
  [xbmc/xbmc] Processed 49,000/51,951 commits, 53,897 records
  [xbmc/xbmc] Processed 50,000/51,951 commits, 54,988 records
  [xbmc/xbmc] Processed 51,000/51,951 commits, 55,888 records
  [_src] 56,948 records

=== SUMMARY ===
Repos: 1
Failed repos: 0
Total records: 56,948
Time: 6270s (104.5m)
Output: /Volumes/external/sources/cppmega.mlx/outputs/conveyor/extract_cache/kodi/kodi_commits.jsonl (3.23 GB)
